// Jest Snapshot v1, https://goo.gl/fbAQLP

exports[`sortable table header component renders a sortable table header component 1`] = `
<thead
  style={
    Object {
      "backgroundColor": "hsl(0, 0%, 95%)",
      "color": "hsl(0, 0%, 50%)",
      "cursor": "pointer",
    }
  }
>
  <tr />
</thead>
`;
